main.c:159:6:read_cell_voltages	16	static
main.c:171:8:read_temperature	32	static
main.c:186:6:read_current	16	static
main.c:206:6:calculate_soc	8	static
main.c:214:5:buffersize	24	static
main.c:223:6:bufferclear	16	static
main.c:229:6:create_txt_document	8	static
main.c:241:6:write_data_to_sd_card	72	static
main.c:256:5:main	8	static
main.c:344:6:SystemClock_Config	88	static
main.c:389:13:MX_ADC1_Init	24	static
main.c:471:13:MX_ADC2_Init	24	static
main.c:529:13:MX_I2C1_Init	8	static
main.c:563:13:MX_SPI1_Init	8	static
main.c:601:13:MX_USART2_UART_Init	8	static
main.c:634:13:MX_USART3_UART_Init	8	static
main.c:665:13:MX_DMA_Init	16	static
main.c:686:13:MX_GPIO_Init	48	static
main.c:716:6:Error_Handler	4	static,ignoring_inline_asm
